// Jest Snapshot v1, https://goo.gl/fbAQLP

exports[`<ExampleComponent /> renders correctly 1`] = `
<View
  style={
    Object {
      "alignItems": "center",
      "justifyContent": "center",
    }
  }
>
  <Text>
    Hello World!
  </Text>
</View>
`;
